This is pdfTeX, Version 3.141592653-2.6-1.40.25 (TeX Live 2023/Debian) (preloaded format=pdflatex 1970.1.1)  1 JAN 1970 00:00
entering extended mode
 restricted \write18 enabled.
 %&-line parsing enabled.
**main.tex
(./main.tex
LaTeX2e <2023-11-01> patch level 1
L3 programming layer <2024-01-22>

(/home/user/Can-Optimizer-State-Repair-Recover-Plasticity-Without-Relearning-Fe
atures/paper/.texlocal/root/usr/share/texlive/texmf-dist/tex/latex/base/article
.cls
Document Class: article 2023/05/17 v1.4n Standard LaTeX document class

(/home/user/Can-Optimizer-State-Repair-Recover-Plasticity-Without-Relearning-Fe
atures/paper/.texlocal/root/usr/share/texlive/texmf-dist/tex/latex/base/size10.
clo
File: size10.clo 2023/05/17 v1.4n Standard LaTeX file (size option)
)
\c@part=\count187
\c@section=\count188
\c@subsection=\count189
\c@subsubsection=\count190
\c@paragraph=\count191
\c@subparagraph=\count192
\c@figure=\count193
\c@table=\count194
\abovecaptionskip=\skip48
\belowcaptionskip=\skip49
\bibindent=\dimen140
)
(/home/user/Can-Optimizer-State-Repair-Recover-Plasticity-Without-Relearning-Fe
atures/paper/iclr_style_official/iclr2027/iclr2027_conference.sty
(/home/user/Can-Optimizer-State-Repair-Recover-Plasticity-Without-Relearning-Fe
atures/paper/.texlocal/root/usr/share/texlive/texmf-dist/tex/latex/eso-pic/eso-
pic.sty
Package: eso-pic 2023/05/03 v3.0c eso-pic (RN)
\ESO@tempdima=\dimen141
\ESO@tempdimb=\dimen142

(/home/user/Can-Optimizer-State-Repair-Recover-Plasticity-Without-Relearning-Fe
atures/paper/.texlocal/root/usr/share/texlive/texmf-dist/tex/latex/graphics/key
val.sty
Package: keyval 2022/05/29 v1.15 key=value parser (DPC)
\KV@toks@=\toks17
)
(/home/user/Can-Optimizer-State-Repair-Recover-Plasticity-Without-Relearning-Fe
atures/paper/.texlocal/root/usr/share/texlive/texmf-dist/tex/latex/xcolor/xcolo
r.sty
Package: xcolor 2023/11/15 v3.01 LaTeX color extensions (UK)

(/home/user/Can-Optimizer-State-Repair-Recover-Plasticity-Without-Relearning-Fe
atures/paper/.texlocal/root/usr/share/texlive/texmf-dist/tex/latex/graphics-cfg
/color.cfg
File: color.cfg 2016/01/02 v1.6 sample color configuration
)
Package xcolor Info: Driver file: pdftex.def on input line 274.

(/home/user/Can-Optimizer-State-Repair-Recover-Plasticity-Without-Relearning-Fe
atures/paper/.texlocal/root/usr/share/texlive/texmf-dist/tex/latex/graphics-def
/pdftex.def
File: pdftex.def 2022/09/22 v1.2b Graphics/color driver for pdftex
)
(/home/user/Can-Optimizer-State-Repair-Recover-Plasticity-Without-Relearning-Fe
atures/paper/.texlocal/root/usr/share/texlive/texmf-dist/tex/latex/graphics/mat
hcolor.ltx)
Package xcolor Info: Model `cmy' substituted by `cmy0' on input line 1350.
Package xcolor Info: Model `hsb' substituted by `rgb' on input line 1354.
Package xcolor Info: Model `RGB' extended on input line 1366.
Package xcolor Info: Model `HTML' substituted by `rgb' on input line 1368.
Package xcolor Info: Model `Hsb' substituted by `hsb' on input line 1369.
Package xcolor Info: Model `tHsb' substituted by `hsb' on input line 1370.
Package xcolor Info: Model `HSB' substituted by `hsb' on input line 1371.
Package xcolor Info: Model `Gray' substituted by `gray' on input line 1372.
Package xcolor Info: Model `wave' substituted by `hsb' on input line 1373.
))
(/home/user/Can-Optimizer-State-Repair-Recover-Plasticity-Without-Relearning-Fe
atures/paper/iclr_style_official/iclr2027/fancyhdr.sty
\fancy@headwidth=\skip50
\f@ncyO@elh=\skip51
\f@ncyO@erh=\skip52
\f@ncyO@olh=\skip53
\f@ncyO@orh=\skip54
\f@ncyO@elf=\skip55
\f@ncyO@erf=\skip56
\f@ncyO@olf=\skip57
\f@ncyO@orf=\skip58
)
(/home/user/Can-Optimizer-State-Repair-Recover-Plasticity-Without-Relearning-Fe
atures/paper/iclr_style_official/iclr2027/natbib.sty
Package: natbib 2009/07/16 8.31 (PWD, AO)
\bibhang=\skip59
\bibsep=\skip60
LaTeX Info: Redefining \cite on input line 694.
\c@NAT@ctr=\count195
)
\iclrrulerbox=\box51
\iclrrulercount=\count196
\iclrruleroffset=\dimen143
\cv@lineheight=\dimen144
\cv@boxheight=\dimen145
\cv@tmpbox=\box52
\cv@refno=\count197
\cv@tot=\count198
\cv@tmpc@=\count199
\cv@tmpc=\count266
)
(/home/user/Can-Optimizer-State-Repair-Recover-Plasticity-Without-Relearning-Fe
atures/paper/.texlocal/root/usr/share/texlive/texmf-dist/tex/latex/psnfss/times
.sty
Package: times 2020/03/25 PSNFSS-v9.3 (SPQR) 
)
(/home/user/Can-Optimizer-State-Repair-Recover-Plasticity-Without-Relearning-Fe
atures/paper/iclr_style_official/iclr2027/math_commands.tex
(/home/user/Can-Optimizer-State-Repair-Recover-Plasticity-Without-Relearning-Fe
atures/paper/.texlocal/root/usr/share/texlive/texmf-dist/tex/latex/amsmath/amsm
ath.sty
Package: amsmath 2023/05/13 v2.17o AMS math features
\@mathmargin=\skip61

For additional information on amsmath, use the `?' option.

(/home/user/Can-Optimizer-State-Repair-Recover-Plasticity-Without-Relearning-Fe
atures/paper/.texlocal/root/usr/share/texlive/texmf-dist/tex/latex/amsmath/amst
ext.sty
Package: amstext 2021/08/26 v2.01 AMS text

(/home/user/Can-Optimizer-State-Repair-Recover-Plasticity-Without-Relearning-Fe
atures/paper/.texlocal/root/usr/share/texlive/texmf-dist/tex/latex/amsmath/amsg
en.sty
File: amsgen.sty 1999/11/30 v2.0 generic functions
\@emptytoks=\toks18
\ex@=\dimen146
))
(/home/user/Can-Optimizer-State-Repair-Recover-Plasticity-Without-Relearning-Fe
atures/paper/.texlocal/root/usr/share/texlive/texmf-dist/tex/latex/amsmath/amsb
sy.sty
Package: amsbsy 1999/11/29 v1.2d Bold Symbols
\pmbraise@=\dimen147
)
(/home/user/Can-Optimizer-State-Repair-Recover-Plasticity-Without-Relearning-Fe
atures/paper/.texlocal/root/usr/share/texlive/texmf-dist/tex/latex/amsmath/amso
pn.sty
Package: amsopn 2022/04/08 v2.04 operator names
)
\inf@bad=\count267
LaTeX Info: Redefining \frac on input line 234.
\uproot@=\count268
\leftroot@=\count269
LaTeX Info: Redefining \overline on input line 399.
LaTeX Info: Redefining \colon on input line 410.
\classnum@=\count270
\DOTSCASE@=\count271
LaTeX Info: Redefining \ldots on input line 496.
LaTeX Info: Redefining \dots on input line 499.
LaTeX Info: Redefining \cdots on input line 620.
\Mathstrutbox@=\box53
\strutbox@=\box54
LaTeX Info: Redefining \big on input line 722.
LaTeX Info: Redefining \Big on input line 723.
LaTeX Info: Redefining \bigg on input line 724.
LaTeX Info: Redefining \Bigg on input line 725.
\big@size=\dimen148
LaTeX Font Info:    Redeclaring font encoding OML on input line 743.
LaTeX Font Info:    Redeclaring font encoding OMS on input line 744.
\macc@depth=\count272
LaTeX Info: Redefining \bmod on input line 905.
LaTeX Info: Redefining \pmod on input line 910.
LaTeX Info: Redefining \smash on input line 940.
LaTeX Info: Redefining \relbar on input line 970.
LaTeX Info: Redefining \Relbar on input line 971.
\c@MaxMatrixCols=\count273
\dotsspace@=\muskip16
\c@parentequation=\count274
\dspbrk@lvl=\count275
\tag@help=\toks19
\row@=\count276
\column@=\count277
\maxfields@=\count278
\andhelp@=\toks20
\eqnshift@=\dimen149
\alignsep@=\dimen150
\tagshift@=\dimen151
\tagwidth@=\dimen152
\totwidth@=\dimen153
\lineht@=\dimen154
\@envbody=\toks21
\multlinegap=\skip62
\multlinetaggap=\skip63
\mathdisplay@stack=\toks22
LaTeX Info: Redefining \[ on input line 2953.
LaTeX Info: Redefining \] on input line 2954.
)
(/home/user/Can-Optimizer-State-Repair-Recover-Plasticity-Without-Relearning-Fe
atures/paper/.texlocal/root/usr/share/texlive/texmf-dist/tex/latex/amsfonts/ams
fonts.sty
Package: amsfonts 2013/01/14 v3.01 Basic AMSFonts support
\symAMSa=\mathgroup4
\symAMSb=\mathgroup5
LaTeX Font Info:    Redeclaring math symbol \hbar on input line 98.
LaTeX Font Info:    Overwriting math alphabet `\mathfrak' in version `bold'
(Font)                  U/euf/m/n --> U/euf/b/n on input line 106.
)
(/home/user/Can-Optimizer-State-Repair-Recover-Plasticity-Without-Relearning-Fe
atures/paper/.texlocal/root/usr/share/texlive/texmf-dist/tex/latex/tools/bm.sty
Package: bm 2023/07/08 v1.2f Bold Symbol Support (DPC/FMi)
\symboldoperators=\mathgroup6
\symboldletters=\mathgroup7
\symboldsymbols=\mathgroup8
Package bm Info: No bold for \OMX/cmex/m/n, using \pmb.
Package bm Info: No bold for \U/msa/m/n, using \pmb.
Package bm Info: No bold for \U/msb/m/n, using \pmb.
LaTeX Font Info:    Redeclaring math alphabet \mathbf on input line 149.
)
LaTeX Font Info:    Overwriting math alphabet `\mathsfit' in version `bold'
(Font)                  OT1/phv/m/sl --> OT1/phv/bx/n on input line 314.
)
(/home/user/Can-Optimizer-State-Repair-Recover-Plasticity-Without-Relearning-Fe
atures/paper/.texlocal/root/usr/share/texlive/texmf-dist/tex/latex/hyperref/hyp
erref.sty
Package: hyperref 2024-01-20 v7.01h Hypertext links for LaTeX

(/home/user/Can-Optimizer-State-Repair-Recover-Plasticity-Without-Relearning-Fe
atures/paper/.texlocal/root/usr/share/texlive/texmf-dist/tex/generic/iftex/ifte
x.sty
Package: iftex 2022/02/03 v1.0f TeX engine tests
)
(/home/user/Can-Optimizer-State-Repair-Recover-Plasticity-Without-Relearning-Fe
atures/paper/.texlocal/root/usr/share/texlive/texmf-dist/tex/latex/kvsetkeys/kv
setkeys.sty
Package: kvsetkeys 2022-10-05 v1.19 Key value parser (HO)
)
(/home/user/Can-Optimizer-State-Repair-Recover-Plasticity-Without-Relearning-Fe
atures/paper/.texlocal/root/usr/share/texlive/texmf-dist/tex/generic/kvdefineke
ys/kvdefinekeys.sty
Package: kvdefinekeys 2019-12-19 v1.6 Define keys (HO)
)
(/home/user/Can-Optimizer-State-Repair-Recover-Plasticity-Without-Relearning-Fe
atures/paper/.texlocal/root/usr/share/texlive/texmf-dist/tex/generic/pdfescape/
pdfescape.sty
Package: pdfescape 2019/12/09 v1.15 Implements pdfTeX's escape features (HO)

(/home/user/Can-Optimizer-State-Repair-Recover-Plasticity-Without-Relearning-Fe
atures/paper/.texlocal/root/usr/share/texlive/texmf-dist/tex/generic/ltxcmds/lt
xcmds.sty
Package: ltxcmds 2023-12-04 v1.26 LaTeX kernel commands for general use (HO)
)
(/home/user/Can-Optimizer-State-Repair-Recover-Plasticity-Without-Relearning-Fe
atures/paper/.texlocal/root/usr/share/texlive/texmf-dist/tex/generic/pdftexcmds
/pdftexcmds.sty
Package: pdftexcmds 2020-06-27 v0.33 Utility functions of pdfTeX for LuaTeX (HO
)

(/home/user/Can-Optimizer-State-Repair-Recover-Plasticity-Without-Relearning-Fe
atures/paper/.texlocal/root/usr/share/texlive/texmf-dist/tex/generic/infwarerr/
infwarerr.sty
Package: infwarerr 2019/12/03 v1.5 Providing info/warning/error messages (HO)
)
Package pdftexcmds Info: \pdf@primitive is available.
Package pdftexcmds Info: \pdf@ifprimitive is available.
Package pdftexcmds Info: \pdfdraftmode found.
))
(/home/user/Can-Optimizer-State-Repair-Recover-Plasticity-Without-Relearning-Fe
atures/paper/.texlocal/root/usr/share/texlive/texmf-dist/tex/latex/hycolor/hyco
lor.sty
Package: hycolor 2020-01-27 v1.10 Color options for hyperref/bookmark (HO)
)
(/home/user/Can-Optimizer-State-Repair-Recover-Plasticity-Without-Relearning-Fe
atures/paper/.texlocal/root/usr/share/texlive/texmf-dist/tex/latex/auxhook/auxh
ook.sty
Package: auxhook 2019-12-17 v1.6 Hooks for auxiliary files (HO)
)
(/home/user/Can-Optimizer-State-Repair-Recover-Plasticity-Without-Relearning-Fe
atures/paper/.texlocal/root/usr/share/texlive/texmf-dist/tex/latex/hyperref/nam
eref.sty
Package: nameref 2023-11-26 v2.56 Cross-referencing by name of section

(/home/user/Can-Optimizer-State-Repair-Recover-Plasticity-Without-Relearning-Fe
atures/paper/.texlocal/root/usr/share/texlive/texmf-dist/tex/latex/refcount/ref
count.sty
Package: refcount 2019/12/15 v3.6 Data extraction from label references (HO)
)
(/home/user/Can-Optimizer-State-Repair-Recover-Plasticity-Without-Relearning-Fe
atures/paper/.texlocal/root/usr/share/texlive/texmf-dist/tex/generic/gettitlest
ring/gettitlestring.sty
Package: gettitlestring 2019/12/15 v1.6 Cleanup title references (HO)

(/home/user/Can-Optimizer-State-Repair-Recover-Plasticity-Without-Relearning-Fe
atures/paper/.texlocal/root/usr/share/texlive/texmf-dist/tex/latex/kvoptions/kv
options.sty
Package: kvoptions 2022-06-15 v3.15 Key value format for package options (HO)
))
\c@section@level=\count279
)
(/home/user/Can-Optimizer-State-Repair-Recover-Plasticity-Without-Relearning-Fe
atures/paper/.texlocal/root/usr/share/texlive/texmf-dist/tex/latex/etoolbox/eto
olbox.sty
Package: etoolbox 2020/10/05 v2.5k e-TeX tools for LaTeX (JAW)
\etb@tempcnta=\count280
)
\@linkdim=\dimen155
\Hy@linkcounter=\count281
\Hy@pagecounter=\count282

(/home/user/Can-Optimizer-State-Repair-Recover-Plasticity-Without-Relearning-Fe
atures/paper/.texlocal/root/usr/share/texlive/texmf-dist/tex/latex/hyperref/pd1
enc.def
File: pd1enc.def 2024-01-20 v7.01h Hyperref: PDFDocEncoding definition (HO)
Now handling font encoding PD1 ...
... no UTF-8 mapping file for font encoding PD1
)
(/home/user/Can-Optimizer-State-Repair-Recover-Plasticity-Without-Relearning-Fe
atures/paper/.texlocal/root/usr/share/texlive/texmf-dist/tex/generic/intcalc/in
tcalc.sty
Package: intcalc 2019/12/15 v1.3 Expandable calculations with integers (HO)
)
\Hy@SavedSpaceFactor=\count283

(/home/user/Can-Optimizer-State-Repair-Recover-Plasticity-Without-Relearning-Fe
atures/paper/.texlocal/root/usr/share/texlive/texmf-dist/tex/latex/hyperref/pue
nc.def
File: puenc.def 2024-01-20 v7.01h Hyperref: PDF Unicode definition (HO)
Now handling font encoding PU ...
... no UTF-8 mapping file for font encoding PU
)
Package hyperref Info: Hyper figures OFF on input line 4179.
Package hyperref Info: Link nesting OFF on input line 4184.
Package hyperref Info: Hyper index ON on input line 4187.
Package hyperref Info: Plain pages OFF on input line 4194.
Package hyperref Info: Backreferencing OFF on input line 4199.
Package hyperref Info: Implicit mode ON; LaTeX internals redefined.
Package hyperref Info: Bookmarks ON on input line 4446.
\c@Hy@tempcnt=\count284

(/home/user/Can-Optimizer-State-Repair-Recover-Plasticity-Without-Relearning-Fe
atures/paper/.texlocal/root/usr/share/texlive/texmf-dist/tex/latex/url/url.sty
\Urlmuskip=\muskip17
Package: url 2013/09/16  ver 3.4  Verb mode for urls, etc.
)
LaTeX Info: Redefining \url on input line 4784.
\XeTeXLinkMargin=\dimen156

(/home/user/Can-Optimizer-State-Repair-Recover-Plasticity-Without-Relearning-Fe
atures/paper/.texlocal/root/usr/share/texlive/texmf-dist/tex/generic/bitset/bit
set.sty
Package: bitset 2019/12/09 v1.3 Handle bit-vector datatype (HO)

(/home/user/Can-Optimizer-State-Repair-Recover-Plasticity-Without-Relearning-Fe
atures/paper/.texlocal/root/usr/share/texlive/texmf-dist/tex/generic/bigintcalc
/bigintcalc.sty
Package: bigintcalc 2019/12/15 v1.5 Expandable calculations on big integers (HO
)
))
\Fld@menulength=\count285
\Field@Width=\dimen157
\Fld@charsize=\dimen158
Package hyperref Info: Hyper figures OFF on input line 6063.
Package hyperref Info: Link nesting OFF on input line 6068.
Package hyperref Info: Hyper index ON on input line 6071.
Package hyperref Info: backreferencing OFF on input line 6078.
Package hyperref Info: Link coloring OFF on input line 6083.
Package hyperref Info: Link coloring with OCG OFF on input line 6088.
Package hyperref Info: PDF/A mode OFF on input line 6093.

(/home/user/Can-Optimizer-State-Repair-Recover-Plasticity-Without-Relearning-Fe
atures/paper/.texlocal/root/usr/share/texlive/texmf-dist/tex/latex/base/atbegsh
i-ltx.sty
Package: atbegshi-ltx 2021/01/10 v1.0c Emulation of the original atbegshi
package with kernel methods
)
\Hy@abspage=\count286
\c@Item=\count287
\c@Hfootnote=\count288
)
Package hyperref Info: Driver (autodetected): hpdftex.

(/home/user/Can-Optimizer-State-Repair-Recover-Plasticity-Without-Relearning-Fe
atures/paper/.texlocal/root/usr/share/texlive/texmf-dist/tex/latex/hyperref/hpd
ftex.def
File: hpdftex.def 2024-01-20 v7.01h Hyperref driver for pdfTeX

(/home/user/Can-Optimizer-State-Repair-Recover-Plasticity-Without-Relearning-Fe
atures/paper/.texlocal/root/usr/share/texlive/texmf-dist/tex/latex/base/atverye
nd-ltx.sty
Package: atveryend-ltx 2020/08/19 v1.0a Emulation of the original atveryend pac
kage
with kernel methods
)
\Fld@listcount=\count289
\c@bookmark@seq@number=\count290

(/home/user/Can-Optimizer-State-Repair-Recover-Plasticity-Without-Relearning-Fe
atures/paper/.texlocal/root/usr/share/texlive/texmf-dist/tex/latex/rerunfileche
ck/rerunfilecheck.sty
Package: rerunfilecheck 2022-07-10 v1.10 Rerun checks for auxiliary files (HO)

(/home/user/Can-Optimizer-State-Repair-Recover-Plasticity-Without-Relearning-Fe
atures/paper/.texlocal/root/usr/share/texlive/texmf-dist/tex/generic/uniquecoun
ter/uniquecounter.sty
Package: uniquecounter 2019/12/15 v1.4 Provide unlimited unique counter (HO)
)
Package uniquecounter Info: New unique counter `rerunfilecheck' on input line 2
85.
)
\Hy@SectionHShift=\skip64
)
(/home/user/Can-Optimizer-State-Repair-Recover-Plasticity-Without-Relearning-Fe
atures/paper/.texlocal/root/usr/share/texlive/texmf-dist/tex/latex/booktabs/boo
ktabs.sty
Package: booktabs 2020/01/12 v1.61803398 Publication quality tables
\heavyrulewidth=\dimen159
\lightrulewidth=\dimen160
\cmidrulewidth=\dimen161
\belowrulesep=\dimen162
\belowbottomsep=\dimen163
\aboverulesep=\dimen164
\abovetopsep=\dimen165
\cmidrulesep=\dimen166
\cmidrulekern=\dimen167
\defaultaddspace=\dimen168
\@cmidla=\count291
\@cmidlb=\count292
\@aboverulesep=\dimen169
\@belowrulesep=\dimen170
\@thisruleclass=\count293
\@lastruleclass=\count294
\@thisrulewidth=\dimen171
)
(/home/user/Can-Optimizer-State-Repair-Recover-Plasticity-Without-Relearning-Fe
atures/paper/.texlocal/root/usr/share/texlive/texmf-dist/tex/latex/amsfonts/ams
symb.sty
Package: amssymb 2013/01/14 v3.01 AMS font symbols
)
(/home/user/Can-Optimizer-State-Repair-Recover-Plasticity-Without-Relearning-Fe
atures/paper/.texlocal/root/usr/share/texlive/texmf-dist/tex/latex/pgfplots/pgf
plots.sty
(/home/user/Can-Optimizer-State-Repair-Recover-Plasticity-Without-Relearning-Fe
atures/paper/.texlocal/root/usr/share/texlive/texmf-dist/tex/generic/pgfplots/p
gfplots.revision.tex)
Package: pgfplots 2021/05/15 v1.18.1 Data Visualization (1.18.1)

(/home/user/Can-Optimizer-State-Repair-Recover-Plasticity-Without-Relearning-Fe
atures/paper/.texlocal/root/usr/share/texlive/texmf-dist/tex/latex/graphics/gra
phicx.sty
Package: graphicx 2021/09/16 v1.2d Enhanced LaTeX Graphics (DPC,SPQR)

(/home/user/Can-Optimizer-State-Repair-Recover-Plasticity-Without-Relearning-Fe
atures/paper/.texlocal/root/usr/share/texlive/texmf-dist/tex/latex/graphics/gra
phics.sty
Package: graphics 2022/03/10 v1.4e Standard LaTeX Graphics (DPC,SPQR)

(/home/user/Can-Optimizer-State-Repair-Recover-Plasticity-Without-Relearning-Fe
atures/paper/.texlocal/root/usr/share/texlive/texmf-dist/tex/latex/graphics/tri
g.sty
Package: trig 2021/08/11 v1.11 sin cos tan (DPC)
)
(/home/user/Can-Optimizer-State-Repair-Recover-Plasticity-Without-Relearning-Fe
atures/paper/.texlocal/root/usr/share/texlive/texmf-dist/tex/latex/graphics-cfg
/graphics.cfg
File: graphics.cfg 2016/06/04 v1.11 sample graphics configuration
)
Package graphics Info: Driver file: pdftex.def on input line 107.
)
\Gin@req@height=\dimen172
\Gin@req@width=\dimen173
)
(/home/user/Can-Optimizer-State-Repair-Recover-Plasticity-Without-Relearning-Fe
atures/paper/.texlocal/root/usr/share/texlive/texmf-dist/tex/latex/pgf/frontend
layer/tikz.sty
(/home/user/Can-Optimizer-State-Repair-Recover-Plasticity-Without-Relearning-Fe
atures/paper/.texlocal/root/usr/share/texlive/texmf-dist/tex/latex/pgf/basiclay
er/pgf.sty
(/home/user/Can-Optimizer-State-Repair-Recover-Plasticity-Without-Relearning-Fe
atures/paper/.texlocal/root/usr/share/texlive/texmf-dist/tex/latex/pgf/utilitie
s/pgfrcs.sty
(/home/user/Can-Optimizer-State-Repair-Recover-Plasticity-Without-Relearning-Fe
atures/paper/.texlocal/root/usr/share/texlive/texmf-dist/tex/generic/pgf/utilit
ies/pgfutil-common.tex
\pgfutil@everybye=\toks23
\pgfutil@tempdima=\dimen174
\pgfutil@tempdimb=\dimen175
)
(/home/user/Can-Optimizer-State-Repair-Recover-Plasticity-Without-Relearning-Fe
atures/paper/.texlocal/root/usr/share/texlive/texmf-dist/tex/generic/pgf/utilit
ies/pgfutil-latex.def
\pgfutil@abb=\box55
)
(/home/user/Can-Optimizer-State-Repair-Recover-Plasticity-Without-Relearning-Fe
atures/paper/.texlocal/root/usr/share/texlive/texmf-dist/tex/generic/pgf/utilit
ies/pgfrcs.code.tex
(/home/user/Can-Optimizer-State-Repair-Recover-Plasticity-Without-Relearning-Fe
atures/paper/.texlocal/root/usr/share/texlive/texmf-dist/tex/generic/pgf/pgf.re
vision.tex)
Package: pgfrcs 2023-01-15 v3.1.10 (3.1.10)
))
Package: pgf 2023-01-15 v3.1.10 (3.1.10)

(/home/user/Can-Optimizer-State-Repair-Recover-Plasticity-Without-Relearning-Fe
atures/paper/.texlocal/root/usr/share/texlive/texmf-dist/tex/latex/pgf/basiclay
er/pgfcore.sty
(/home/user/Can-Optimizer-State-Repair-Recover-Plasticity-Without-Relearning-Fe
atures/paper/.texlocal/root/usr/share/texlive/texmf-dist/tex/latex/pgf/systemla
yer/pgfsys.sty
(/home/user/Can-Optimizer-State-Repair-Recover-Plasticity-Without-Relearning-Fe
atures/paper/.texlocal/root/usr/share/texlive/texmf-dist/tex/generic/pgf/system
layer/pgfsys.code.tex
Package: pgfsys 2023-01-15 v3.1.10 (3.1.10)

(/home/user/Can-Optimizer-State-Repair-Recover-Plasticity-Without-Relearning-Fe
atures/paper/.texlocal/root/usr/share/texlive/texmf-dist/tex/generic/pgf/utilit
ies/pgfkeys.code.tex
\pgfkeys@pathtoks=\toks24
\pgfkeys@temptoks=\toks25

(/home/user/Can-Optimizer-State-Repair-Recover-Plasticity-Without-Relearning-Fe
atures/paper/.texlocal/root/usr/share/texlive/texmf-dist/tex/generic/pgf/utilit
ies/pgfkeyslibraryfiltered.code.tex
\pgfkeys@tmptoks=\toks26
))
\pgf@x=\dimen176
\pgf@y=\dimen177
\pgf@xa=\dimen178
\pgf@ya=\dimen179
\pgf@xb=\dimen180
\pgf@yb=\dimen181
\pgf@xc=\dimen182
\pgf@yc=\dimen183
\pgf@xd=\dimen184
\pgf@yd=\dimen185
\w@pgf@writea=\write3
\r@pgf@reada=\read2
\c@pgf@counta=\count295
\c@pgf@countb=\count296
\c@pgf@countc=\count297
\c@pgf@countd=\count298
\t@pgf@toka=\toks27
\t@pgf@tokb=\toks28
\t@pgf@tokc=\toks29
\pgf@sys@id@count=\count299

(/home/user/Can-Optimizer-State-Repair-Recover-Plasticity-Without-Relearning-Fe
atures/paper/.texlocal/root/usr/share/texlive/texmf-dist/tex/generic/pgf/system
layer/pgf.cfg
File: pgf.cfg 2023-01-15 v3.1.10 (3.1.10)
)
Driver file for pgf: pgfsys-pdftex.def

(/home/user/Can-Optimizer-State-Repair-Recover-Plasticity-Without-Relearning-Fe
atures/paper/.texlocal/root/usr/share/texlive/texmf-dist/tex/generic/pgf/system
layer/pgfsys-pdftex.def
File: pgfsys-pdftex.def 2023-01-15 v3.1.10 (3.1.10)

(/home/user/Can-Optimizer-State-Repair-Recover-Plasticity-Without-Relearning-Fe
atures/paper/.texlocal/root/usr/share/texlive/texmf-dist/tex/generic/pgf/system
layer/pgfsys-common-pdf.def
File: pgfsys-common-pdf.def 2023-01-15 v3.1.10 (3.1.10)
)))
(/home/user/Can-Optimizer-State-Repair-Recover-Plasticity-Without-Relearning-Fe
atures/paper/.texlocal/root/usr/share/texlive/texmf-dist/tex/generic/pgf/system
layer/pgfsyssoftpath.code.tex
File: pgfsyssoftpath.code.tex 2023-01-15 v3.1.10 (3.1.10)
\pgfsyssoftpath@smallbuffer@items=\count300
\pgfsyssoftpath@bigbuffer@items=\count301
)
(/home/user/Can-Optimizer-State-Repair-Recover-Plasticity-Without-Relearning-Fe
atures/paper/.texlocal/root/usr/share/texlive/texmf-dist/tex/generic/pgf/system
layer/pgfsysprotocol.code.tex
File: pgfsysprotocol.code.tex 2023-01-15 v3.1.10 (3.1.10)
))
(/home/user/Can-Optimizer-State-Repair-Recover-Plasticity-Without-Relearning-Fe
atures/paper/.texlocal/root/usr/share/texlive/texmf-dist/tex/generic/pgf/basicl
ayer/pgfcore.code.tex
Package: pgfcore 2023-01-15 v3.1.10 (3.1.10)

(/home/user/Can-Optimizer-State-Repair-Recover-Plasticity-Without-Relearning-Fe
atures/paper/.texlocal/root/usr/share/texlive/texmf-dist/tex/generic/pgf/math/p
gfmath.code.tex
(/home/user/Can-Optimizer-State-Repair-Recover-Plasticity-Without-Relearning-Fe
atures/paper/.texlocal/root/usr/share/texlive/texmf-dist/tex/generic/pgf/math/p
gfmathutil.code.tex)
(/home/user/Can-Optimizer-State-Repair-Recover-Plasticity-Without-Relearning-Fe
atures/paper/.texlocal/root/usr/share/texlive/texmf-dist/tex/generic/pgf/math/p
gfmathparser.code.tex
\pgfmath@dimen=\dimen186
\pgfmath@count=\count302
\pgfmath@box=\box56
\pgfmath@toks=\toks30
\pgfmath@stack@operand=\toks31
\pgfmath@stack@operation=\toks32
)
(/home/user/Can-Optimizer-State-Repair-Recover-Plasticity-Without-Relearning-Fe
atures/paper/.texlocal/root/usr/share/texlive/texmf-dist/tex/generic/pgf/math/p
gfmathfunctions.code.tex)
(/home/user/Can-Optimizer-State-Repair-Recover-Plasticity-Without-Relearning-Fe
atures/paper/.texlocal/root/usr/share/texlive/texmf-dist/tex/generic/pgf/math/p
gfmathfunctions.basic.code.tex)
(/home/user/Can-Optimizer-State-Repair-Recover-Plasticity-Without-Relearning-Fe
atures/paper/.texlocal/root/usr/share/texlive/texmf-dist/tex/generic/pgf/math/p
gfmathfunctions.trigonometric.code.tex)
(/home/user/Can-Optimizer-State-Repair-Recover-Plasticity-Without-Relearning-Fe
atures/paper/.texlocal/root/usr/share/texlive/texmf-dist/tex/generic/pgf/math/p
gfmathfunctions.random.code.tex)
(/home/user/Can-Optimizer-State-Repair-Recover-Plasticity-Without-Relearning-Fe
atures/paper/.texlocal/root/usr/share/texlive/texmf-dist/tex/generic/pgf/math/p
gfmathfunctions.comparison.code.tex)
(/home/user/Can-Optimizer-State-Repair-Recover-Plasticity-Without-Relearning-Fe
atures/paper/.texlocal/root/usr/share/texlive/texmf-dist/tex/generic/pgf/math/p
gfmathfunctions.base.code.tex)
(/home/user/Can-Optimizer-State-Repair-Recover-Plasticity-Without-Relearning-Fe
atures/paper/.texlocal/root/usr/share/texlive/texmf-dist/tex/generic/pgf/math/p
gfmathfunctions.round.code.tex)
(/home/user/Can-Optimizer-State-Repair-Recover-Plasticity-Without-Relearning-Fe
atures/paper/.texlocal/root/usr/share/texlive/texmf-dist/tex/generic/pgf/math/p
gfmathfunctions.misc.code.tex)
(/home/user/Can-Optimizer-State-Repair-Recover-Plasticity-Without-Relearning-Fe
atures/paper/.texlocal/root/usr/share/texlive/texmf-dist/tex/generic/pgf/math/p
gfmathfunctions.integerarithmetics.code.tex)
(/home/user/Can-Optimizer-State-Repair-Recover-Plasticity-Without-Relearning-Fe
atures/paper/.texlocal/root/usr/share/texlive/texmf-dist/tex/generic/pgf/math/p
gfmathcalc.code.tex)
(/home/user/Can-Optimizer-State-Repair-Recover-Plasticity-Without-Relearning-Fe
atures/paper/.texlocal/root/usr/share/texlive/texmf-dist/tex/generic/pgf/math/p
gfmathfloat.code.tex
\c@pgfmathroundto@lastzeros=\count303
))
(/home/user/Can-Optimizer-State-Repair-Recover-Plasticity-Without-Relearning-Fe
atures/paper/.texlocal/root/usr/share/texlive/texmf-dist/tex/generic/pgf/math/p
gfint.code.tex)
(/home/user/Can-Optimizer-State-Repair-Recover-Plasticity-Without-Relearning-Fe
atures/paper/.texlocal/root/usr/share/texlive/texmf-dist/tex/generic/pgf/basicl
ayer/pgfcorepoints.code.tex
File: pgfcorepoints.code.tex 2023-01-15 v3.1.10 (3.1.10)
\pgf@picminx=\dimen187
\pgf@picmaxx=\dimen188
\pgf@picminy=\dimen189
\pgf@picmaxy=\dimen190
\pgf@pathminx=\dimen191
\pgf@pathmaxx=\dimen192
\pgf@pathminy=\dimen193
\pgf@pathmaxy=\dimen194
\pgf@xx=\dimen195
\pgf@xy=\dimen196
\pgf@yx=\dimen197
\pgf@yy=\dimen198
\pgf@zx=\dimen199
\pgf@zy=\dimen256
)
(/home/user/Can-Optimizer-State-Repair-Recover-Plasticity-Without-Relearning-Fe
atures/paper/.texlocal/root/usr/share/texlive/texmf-dist/tex/generic/pgf/basicl
ayer/pgfcorepathconstruct.code.tex
File: pgfcorepathconstruct.code.tex 2023-01-15 v3.1.10 (3.1.10)
\pgf@path@lastx=\dimen257
\pgf@path@lasty=\dimen258
)
(/home/user/Can-Optimizer-State-Repair-Recover-Plasticity-Without-Relearning-Fe
atures/paper/.texlocal/root/usr/share/texlive/texmf-dist/tex/generic/pgf/basicl
ayer/pgfcorepathusage.code.tex
File: pgfcorepathusage.code.tex 2023-01-15 v3.1.10 (3.1.10)
\pgf@shorten@end@additional=\dimen259
\pgf@shorten@start@additional=\dimen260
)
(/home/user/Can-Optimizer-State-Repair-Recover-Plasticity-Without-Relearning-Fe
atures/paper/.texlocal/root/usr/share/texlive/texmf-dist/tex/generic/pgf/basicl
ayer/pgfcorescopes.code.tex
File: pgfcorescopes.code.tex 2023-01-15 v3.1.10 (3.1.10)
\pgfpic=\box57
\pgf@hbox=\box58
\pgf@layerbox@main=\box59
\pgf@picture@serial@count=\count304
)
(/home/user/Can-Optimizer-State-Repair-Recover-Plasticity-Without-Relearning-Fe
atures/paper/.texlocal/root/usr/share/texlive/texmf-dist/tex/generic/pgf/basicl
ayer/pgfcoregraphicstate.code.tex
File: pgfcoregraphicstate.code.tex 2023-01-15 v3.1.10 (3.1.10)
\pgflinewidth=\dimen261
)
(/home/user/Can-Optimizer-State-Repair-Recover-Plasticity-Without-Relearning-Fe
atures/paper/.texlocal/root/usr/share/texlive/texmf-dist/tex/generic/pgf/basicl
ayer/pgfcoretransformations.code.tex
File: pgfcoretransformations.code.tex 2023-01-15 v3.1.10 (3.1.10)
\pgf@pt@x=\dimen262
\pgf@pt@y=\dimen263
\pgf@pt@temp=\dimen264
)
(/home/user/Can-Optimizer-State-Repair-Recover-Plasticity-Without-Relearning-Fe
atures/paper/.texlocal/root/usr/share/texlive/texmf-dist/tex/generic/pgf/basicl
ayer/pgfcorequick.code.tex
File: pgfcorequick.code.tex 2023-01-15 v3.1.10 (3.1.10)
)
(/home/user/Can-Optimizer-State-Repair-Recover-Plasticity-Without-Relearning-Fe
atures/paper/.texlocal/root/usr/share/texlive/texmf-dist/tex/generic/pgf/basicl
ayer/pgfcoreobjects.code.tex
File: pgfcoreobjects.code.tex 2023-01-15 v3.1.10 (3.1.10)
)
(/home/user/Can-Optimizer-State-Repair-Recover-Plasticity-Without-Relearning-Fe
atures/paper/.texlocal/root/usr/share/texlive/texmf-dist/tex/generic/pgf/basicl
ayer/pgfcorepathprocessing.code.tex
File: pgfcorepathprocessing.code.tex 2023-01-15 v3.1.10 (3.1.10)
)
(/home/user/Can-Optimizer-State-Repair-Recover-Plasticity-Without-Relearning-Fe
atures/paper/.texlocal/root/usr/share/texlive/texmf-dist/tex/generic/pgf/basicl
ayer/pgfcorearrows.code.tex
File: pgfcorearrows.code.tex 2023-01-15 v3.1.10 (3.1.10)
\pgfarrowsep=\dimen265
)
(/home/user/Can-Optimizer-State-Repair-Recover-Plasticity-Without-Relearning-Fe
atures/paper/.texlocal/root/usr/share/texlive/texmf-dist/tex/generic/pgf/basicl
ayer/pgfcoreshade.code.tex
File: pgfcoreshade.code.tex 2023-01-15 v3.1.10 (3.1.10)
\pgf@max=\dimen266
\pgf@sys@shading@range@num=\count305
\pgf@shadingcount=\count306
)
(/home/user/Can-Optimizer-State-Repair-Recover-Plasticity-Without-Relearning-Fe
atures/paper/.texlocal/root/usr/share/texlive/texmf-dist/tex/generic/pgf/basicl
ayer/pgfcoreimage.code.tex
File: pgfcoreimage.code.tex 2023-01-15 v3.1.10 (3.1.10)
)
(/home/user/Can-Optimizer-State-Repair-Recover-Plasticity-Without-Relearning-Fe
atures/paper/.texlocal/root/usr/share/texlive/texmf-dist/tex/generic/pgf/basicl
ayer/pgfcoreexternal.code.tex
File: pgfcoreexternal.code.tex 2023-01-15 v3.1.10 (3.1.10)
\pgfexternal@startupbox=\box60
)
(/home/user/Can-Optimizer-State-Repair-Recover-Plasticity-Without-Relearning-Fe
atures/paper/.texlocal/root/usr/share/texlive/texmf-dist/tex/generic/pgf/basicl
ayer/pgfcorelayers.code.tex
File: pgfcorelayers.code.tex 2023-01-15 v3.1.10 (3.1.10)
)
(/home/user/Can-Optimizer-State-Repair-Recover-Plasticity-Without-Relearning-Fe
atures/paper/.texlocal/root/usr/share/texlive/texmf-dist/tex/generic/pgf/basicl
ayer/pgfcoretransparency.code.tex
File: pgfcoretransparency.code.tex 2023-01-15 v3.1.10 (3.1.10)
)
(/home/user/Can-Optimizer-State-Repair-Recover-Plasticity-Without-Relearning-Fe
atures/paper/.texlocal/root/usr/share/texlive/texmf-dist/tex/generic/pgf/basicl
ayer/pgfcorepatterns.code.tex
File: pgfcorepatterns.code.tex 2023-01-15 v3.1.10 (3.1.10)
)
(/home/user/Can-Optimizer-State-Repair-Recover-Plasticity-Without-Relearning-Fe
atures/paper/.texlocal/root/usr/share/texlive/texmf-dist/tex/generic/pgf/basicl
ayer/pgfcorerdf.code.tex
File: pgfcorerdf.code.tex 2023-01-15 v3.1.10 (3.1.10)
)))
(/home/user/Can-Optimizer-State-Repair-Recover-Plasticity-Without-Relearning-Fe
atures/paper/.texlocal/root/usr/share/texlive/texmf-dist/tex/generic/pgf/module
s/pgfmoduleshapes.code.tex
File: pgfmoduleshapes.code.tex 2023-01-15 v3.1.10 (3.1.10)
\pgfnodeparttextbox=\box61
)
(/home/user/Can-Optimizer-State-Repair-Recover-Plasticity-Without-Relearning-Fe
atures/paper/.texlocal/root/usr/share/texlive/texmf-dist/tex/generic/pgf/module
s/pgfmoduleplot.code.tex
File: pgfmoduleplot.code.tex 2023-01-15 v3.1.10 (3.1.10)
)
(/home/user/Can-Optimizer-State-Repair-Recover-Plasticity-Without-Relearning-Fe
atures/paper/.texlocal/root/usr/share/texlive/texmf-dist/tex/latex/pgf/compatib
ility/pgfcomp-version-0-65.sty
Package: pgfcomp-version-0-65 2023-01-15 v3.1.10 (3.1.10)
\pgf@nodesepstart=\dimen267
\pgf@nodesepend=\dimen268
)
(/home/user/Can-Optimizer-State-Repair-Recover-Plasticity-Without-Relearning-Fe
atures/paper/.texlocal/root/usr/share/texlive/texmf-dist/tex/latex/pgf/compatib
ility/pgfcomp-version-1-18.sty
Package: pgfcomp-version-1-18 2023-01-15 v3.1.10 (3.1.10)
))
(/home/user/Can-Optimizer-State-Repair-Recover-Plasticity-Without-Relearning-Fe
atures/paper/.texlocal/root/usr/share/texlive/texmf-dist/tex/latex/pgf/utilitie
s/pgffor.sty
(/home/user/Can-Optimizer-State-Repair-Recover-Plasticity-Without-Relearning-Fe
atures/paper/.texlocal/root/usr/share/texlive/texmf-dist/tex/latex/pgf/utilitie
s/pgfkeys.sty
(/home/user/Can-Optimizer-State-Repair-Recover-Plasticity-Without-Relearning-Fe
atures/paper/.texlocal/root/usr/share/texlive/texmf-dist/tex/generic/pgf/utilit
ies/pgfkeys.code.tex))
(/home/user/Can-Optimizer-State-Repair-Recover-Plasticity-Without-Relearning-Fe
atures/paper/.texlocal/root/usr/share/texlive/texmf-dist/tex/latex/pgf/math/pgf
math.sty
(/home/user/Can-Optimizer-State-Repair-Recover-Plasticity-Without-Relearning-Fe
atures/paper/.texlocal/root/usr/share/texlive/texmf-dist/tex/generic/pgf/math/p
gfmath.code.tex))
(/home/user/Can-Optimizer-State-Repair-Recover-Plasticity-Without-Relearning-Fe
atures/paper/.texlocal/root/usr/share/texlive/texmf-dist/tex/generic/pgf/utilit
ies/pgffor.code.tex
Package: pgffor 2023-01-15 v3.1.10 (3.1.10)
\pgffor@iter=\dimen269
\pgffor@skip=\dimen270
\pgffor@stack=\toks33
\pgffor@toks=\toks34
))
(/home/user/Can-Optimizer-State-Repair-Recover-Plasticity-Without-Relearning-Fe
atures/paper/.texlocal/root/usr/share/texlive/texmf-dist/tex/generic/pgf/fronte
ndlayer/tikz/tikz.code.tex
Package: tikz 2023-01-15 v3.1.10 (3.1.10)

(/home/user/Can-Optimizer-State-Repair-Recover-Plasticity-Without-Relearning-Fe
atures/paper/.texlocal/root/usr/share/texlive/texmf-dist/tex/generic/pgf/librar
ies/pgflibraryplothandlers.code.tex
File: pgflibraryplothandlers.code.tex 2023-01-15 v3.1.10 (3.1.10)
\pgf@plot@mark@count=\count307
\pgfplotmarksize=\dimen271
)
\tikz@lastx=\dimen272
\tikz@lasty=\dimen273
\tikz@lastxsaved=\dimen274
\tikz@lastysaved=\dimen275
\tikz@lastmovetox=\dimen276
\tikz@lastmovetoy=\dimen277
\tikzleveldistance=\dimen278
\tikzsiblingdistance=\dimen279
\tikz@figbox=\box62
\tikz@figbox@bg=\box63
\tikz@tempbox=\box64
\tikz@tempbox@bg=\box65
\tikztreelevel=\count308
\tikznumberofchildren=\count309
\tikznumberofcurrentchild=\count310
\tikz@fig@count=\count311

(/home/user/Can-Optimizer-State-Repair-Recover-Plasticity-Without-Relearning-Fe
atures/paper/.texlocal/root/usr/share/texlive/texmf-dist/tex/generic/pgf/module
s/pgfmodulematrix.code.tex
File: pgfmodulematrix.code.tex 2023-01-15 v3.1.10 (3.1.10)
\pgfmatrixcurrentrow=\count312
\pgfmatrixcurrentcolumn=\count313
\pgf@matrix@numberofcolumns=\count314
)
\tikz@expandcount=\count315

(/home/user/Can-Optimizer-State-Repair-Recover-Plasticity-Without-Relearning-Fe
atures/paper/.texlocal/root/usr/share/texlive/texmf-dist/tex/generic/pgf/fronte
ndlayer/tikz/libraries/tikzlibrarytopaths.code.tex
File: tikzlibrarytopaths.code.tex 2023-01-15 v3.1.10 (3.1.10)
)))
(/home/user/Can-Optimizer-State-Repair-Recover-Plasticity-Without-Relearning-Fe
atures/paper/.texlocal/root/usr/share/texlive/texmf-dist/tex/generic/pgfplots/p
gfplots.code.tex
(/home/user/Can-Optimizer-State-Repair-Recover-Plasticity-Without-Relearning-Fe
atures/paper/.texlocal/root/usr/share/texlive/texmf-dist/tex/generic/pgfplots/p
gfplotscore.code.tex
\t@pgfplots@toka=\toks35
\t@pgfplots@tokb=\toks36
\t@pgfplots@tokc=\toks37
\pgfplots@tmpa=\dimen280
\c@pgfplots@coordindex=\count316
\c@pgfplots@scanlineindex=\count317

(/home/user/Can-Optimizer-State-Repair-Recover-Plasticity-Without-Relearning-Fe
atures/paper/.texlocal/root/usr/share/texlive/texmf-dist/tex/generic/pgfplots/s
ys/pgfplotssysgeneric.code.tex))
(/home/user/Can-Optimizer-State-Repair-Recover-Plasticity-Without-Relearning-Fe
atures/paper/.texlocal/root/usr/share/texlive/texmf-dist/tex/generic/pgfplots/l
ibs/pgfplotslibrary.code.tex)
(/home/user/Can-Optimizer-State-Repair-Recover-Plasticity-Without-Relearning-Fe
atures/paper/.texlocal/root/usr/share/texlive/texmf-dist/tex/generic/pgfplots/o
ldpgfcompatib/pgfplotsoldpgfsupp_loader.code.tex
(/home/user/Can-Optimizer-State-Repair-Recover-Plasticity-Without-Relearning-Fe
atures/paper/.texlocal/root/usr/share/texlive/texmf-dist/tex/generic/pgf/librar
ies/pgflibraryfpu.code.tex)
Package pgfplots: loading complementary utilities for your pgf version...
\t@pgf@toka=\toks38
\t@pgf@tokb=\toks39
\t@pgf@tokc=\toks40

(/home/user/Can-Optimizer-State-Repair-Recover-Plasticity-Without-Relearning-Fe
atures/paper/.texlocal/root/usr/share/texlive/texmf-dist/tex/generic/pgfplots/o
ldpgfcompatib/pgfplotsoldpgfsupp_pgfutil-common-lists.tex))
(/home/user/Can-Optimizer-State-Repair-Recover-Plasticity-Without-Relearning-Fe
atures/paper/.texlocal/root/usr/share/texlive/texmf-dist/tex/generic/pgfplots/u
til/pgfplotsutil.code.tex
(/home/user/Can-Optimizer-State-Repair-Recover-Plasticity-Without-Relearning-Fe
atures/paper/.texlocal/root/usr/share/texlive/texmf-dist/tex/generic/pgfplots/l
iststructure/pgfplotsliststructure.code.tex)
(/home/user/Can-Optimizer-State-Repair-Recover-Plasticity-Without-Relearning-Fe
atures/paper/.texlocal/root/usr/share/texlive/texmf-dist/tex/generic/pgfplots/l
iststructure/pgfplotsliststructureext.code.tex)
(/home/user/Can-Optimizer-State-Repair-Recover-Plasticity-Without-Relearning-Fe
atures/paper/.texlocal/root/usr/share/texlive/texmf-dist/tex/generic/pgfplots/l
iststructure/pgfplotsarray.code.tex
\c@pgfplotsarray@tmp=\count318
)
(/home/user/Can-Optimizer-State-Repair-Recover-Plasticity-Without-Relearning-Fe
atures/paper/.texlocal/root/usr/share/texlive/texmf-dist/tex/generic/pgfplots/l
iststructure/pgfplotsmatrix.code.tex)
(/home/user/Can-Optimizer-State-Repair-Recover-Plasticity-Without-Relearning-Fe
atures/paper/.texlocal/root/usr/share/texlive/texmf-dist/tex/generic/pgfplots/n
umtable/pgfplotstableshared.code.tex
\c@pgfplotstable@counta=\count319
\t@pgfplotstable@a=\toks41
)
(/home/user/Can-Optimizer-State-Repair-Recover-Plasticity-Without-Relearning-Fe
atures/paper/.texlocal/root/usr/share/texlive/texmf-dist/tex/generic/pgfplots/l
iststructure/pgfplotsdeque.code.tex)
(/home/user/Can-Optimizer-State-Repair-Recover-Plasticity-Without-Relearning-Fe
atures/paper/.texlocal/root/usr/share/texlive/texmf-dist/tex/generic/pgfplots/u
til/pgfplotsbinary.code.tex
(/home/user/Can-Optimizer-State-Repair-Recover-Plasticity-Without-Relearning-Fe
atures/paper/.texlocal/root/usr/share/texlive/texmf-dist/tex/generic/pgfplots/u
til/pgfplotsbinary.data.code.tex))
(/home/user/Can-Optimizer-State-Repair-Recover-Plasticity-Without-Relearning-Fe
atures/paper/.texlocal/root/usr/share/texlive/texmf-dist/tex/generic/pgfplots/u
til/pgfplotsutil.verb.code.tex)
(/home/user/Can-Optimizer-State-Repair-Recover-Plasticity-Without-Relearning-Fe
atures/paper/.texlocal/root/usr/share/texlive/texmf-dist/tex/generic/pgfplots/l
ibs/pgflibrarypgfplots.surfshading.code.tex
\c@pgfplotslibrarysurf@no=\count320

(/home/user/Can-Optimizer-State-Repair-Recover-Plasticity-Without-Relearning-Fe
atures/paper/.texlocal/root/usr/share/texlive/texmf-dist/tex/generic/pgfplots/s
ys/pgflibrarypgfplots.surfshading.pgfsys-pdftex.def)))
(/home/user/Can-Optimizer-State-Repair-Recover-Plasticity-Without-Relearning-Fe
atures/paper/.texlocal/root/usr/share/texlive/texmf-dist/tex/generic/pgfplots/u
til/pgfplotscolormap.code.tex
(/home/user/Can-Optimizer-State-Repair-Recover-Plasticity-Without-Relearning-Fe
atures/paper/.texlocal/root/usr/share/texlive/texmf-dist/tex/generic/pgfplots/u
til/pgfplotscolor.code.tex))
(/home/user/Can-Optimizer-State-Repair-Recover-Plasticity-Without-Relearning-Fe
atures/paper/.texlocal/root/usr/share/texlive/texmf-dist/tex/generic/pgfplots/p
gfplotsstackedplots.code.tex)
(/home/user/Can-Optimizer-State-Repair-Recover-Plasticity-Without-Relearning-Fe
atures/paper/.texlocal/root/usr/share/texlive/texmf-dist/tex/generic/pgfplots/p
gfplotsplothandlers.code.tex
(/home/user/Can-Optimizer-State-Repair-Recover-Plasticity-Without-Relearning-Fe
atures/paper/.texlocal/root/usr/share/texlive/texmf-dist/tex/generic/pgfplots/p
gfplotsmeshplothandler.code.tex
(/home/user/Can-Optimizer-State-Repair-Recover-Plasticity-Without-Relearning-Fe
atures/paper/.texlocal/root/usr/share/texlive/texmf-dist/tex/generic/pgfplots/p
gfplotsmeshplotimage.code.tex)))
(/home/user/Can-Optimizer-State-Repair-Recover-Plasticity-Without-Relearning-Fe
atures/paper/.texlocal/root/usr/share/texlive/texmf-dist/tex/generic/pgfplots/p
gfplots.scaling.code.tex)
(/home/user/Can-Optimizer-State-Repair-Recover-Plasticity-Without-Relearning-Fe
atures/paper/.texlocal/root/usr/share/texlive/texmf-dist/tex/generic/pgfplots/p
gfplotscoordprocessing.code.tex)
(/home/user/Can-Optimizer-State-Repair-Recover-Plasticity-Without-Relearning-Fe
atures/paper/.texlocal/root/usr/share/texlive/texmf-dist/tex/generic/pgfplots/p
gfplots.errorbars.code.tex)
(/home/user/Can-Optimizer-State-Repair-Recover-Plasticity-Without-Relearning-Fe
atures/paper/.texlocal/root/usr/share/texlive/texmf-dist/tex/generic/pgfplots/p
gfplots.markers.code.tex)
(/home/user/Can-Optimizer-State-Repair-Recover-Plasticity-Without-Relearning-Fe
atures/paper/.texlocal/root/usr/share/texlive/texmf-dist/tex/generic/pgfplots/p
gfplotsticks.code.tex)
(/home/user/Can-Optimizer-State-Repair-Recover-Plasticity-Without-Relearning-Fe
atures/paper/.texlocal/root/usr/share/texlive/texmf-dist/tex/generic/pgfplots/p
gfplots.paths.code.tex)
(/home/user/Can-Optimizer-State-Repair-Recover-Plasticity-Without-Relearning-Fe
atures/paper/.texlocal/root/usr/share/texlive/texmf-dist/tex/generic/pgf/fronte
ndlayer/tikz/libraries/tikzlibrarydecorations.code.tex
(/home/user/Can-Optimizer-State-Repair-Recover-Plasticity-Without-Relearning-Fe
atures/paper/.texlocal/root/usr/share/texlive/texmf-dist/tex/generic/pgf/module
s/pgfmoduledecorations.code.tex
\pgfdecoratedcompleteddistance=\dimen281
\pgfdecoratedremainingdistance=\dimen282
\pgfdecoratedinputsegmentcompleteddistance=\dimen283
\pgfdecoratedinputsegmentremainingdistance=\dimen284
\pgf@decorate@distancetomove=\dimen285
\pgf@decorate@repeatstate=\count321
\pgfdecorationsegmentamplitude=\dimen286
\pgfdecorationsegmentlength=\dimen287
)
\tikz@lib@dec@box=\box66
)
(/home/user/Can-Optimizer-State-Repair-Recover-Plasticity-Without-Relearning-Fe
atures/paper/.texlocal/root/usr/share/texlive/texmf-dist/tex/generic/pgf/fronte
ndlayer/tikz/libraries/tikzlibrarydecorations.pathmorphing.code.tex
(/home/user/Can-Optimizer-State-Repair-Recover-Plasticity-Without-Relearning-Fe
atures/paper/.texlocal/root/usr/share/texlive/texmf-dist/tex/generic/pgf/librar
ies/decorations/pgflibrarydecorations.pathmorphing.code.tex))
(/home/user/Can-Optimizer-State-Repair-Recover-Plasticity-Without-Relearning-Fe
atures/paper/.texlocal/root/usr/share/texlive/texmf-dist/tex/generic/pgf/fronte
ndlayer/tikz/libraries/tikzlibrarydecorations.pathreplacing.code.tex
(/home/user/Can-Optimizer-State-Repair-Recover-Plasticity-Without-Relearning-Fe
atures/paper/.texlocal/root/usr/share/texlive/texmf-dist/tex/generic/pgf/librar
ies/decorations/pgflibrarydecorations.pathreplacing.code.tex))
(/home/user/Can-Optimizer-State-Repair-Recover-Plasticity-Without-Relearning-Fe
atures/paper/.texlocal/root/usr/share/texlive/texmf-dist/tex/generic/pgfplots/l
ibs/tikzlibrarypgfplots.contourlua.code.tex)
\pgfplots@numplots=\count322
\pgfplots@xmin@reg=\dimen288
\pgfplots@xmax@reg=\dimen289
\pgfplots@ymin@reg=\dimen290
\pgfplots@ymax@reg=\dimen291
\pgfplots@zmin@reg=\dimen292
\pgfplots@zmax@reg=\dimen293
)
(/home/user/Can-Optimizer-State-Repair-Recover-Plasticity-Without-Relearning-Fe
atures/paper/.texlocal/root/usr/share/texlive/texmf-dist/tex/generic/pgf/fronte
ndlayer/tikz/libraries/tikzlibraryplotmarks.code.tex
File: tikzlibraryplotmarks.code.tex 2023-01-15 v3.1.10 (3.1.10)

(/home/user/Can-Optimizer-State-Repair-Recover-Plasticity-Without-Relearning-Fe
atures/paper/.texlocal/root/usr/share/texlive/texmf-dist/tex/generic/pgf/librar
ies/pgflibraryplotmarks.code.tex
File: pgflibraryplotmarks.code.tex 2023-01-15 v3.1.10 (3.1.10)
))) (./tables/numbers.tex)
LaTeX Font Info:    Trying to load font information for OT1+ptm on input line 2
3.

(/home/user/Can-Optimizer-State-Repair-Recover-Plasticity-Without-Relearning-Fe
atures/paper/.texlocal/root/usr/share/texlive/texmf-dist/tex/latex/psnfss/ot1pt
m.fd
File: ot1ptm.fd 2001/06/04 font definitions for OT1/ptm.
)
(/home/user/Can-Optimizer-State-Repair-Recover-Plasticity-Without-Relearning-Fe
atures/paper/.texlocal/root/usr/share/texlive/texmf-dist/tex/latex/l3backend/l3
backend-pdftex.def
File: l3backend-pdftex.def 2024-01-04 L3 backend support: PDF output (pdfTeX)
\l__color_backend_stack_int=\count323
\l__pdf_internal_box=\box67
) (./main.aux)
\openout1 = `main.aux'.

LaTeX Font Info:    Checking defaults for OML/cmm/m/it on input line 23.
LaTeX Font Info:    ... okay on input line 23.
LaTeX Font Info:    Checking defaults for OMS/cmsy/m/n on input line 23.
LaTeX Font Info:    ... okay on input line 23.
LaTeX Font Info:    Checking defaults for OT1/cmr/m/n on input line 23.
LaTeX Font Info:    ... okay on input line 23.
LaTeX Font Info:    Checking defaults for T1/cmr/m/n on input line 23.
LaTeX Font Info:    ... okay on input line 23.
LaTeX Font Info:    Checking defaults for TS1/cmr/m/n on input line 23.
LaTeX Font Info:    ... okay on input line 23.
LaTeX Font Info:    Checking defaults for OMX/cmex/m/n on input line 23.
LaTeX Font Info:    ... okay on input line 23.
LaTeX Font Info:    Checking defaults for U/cmr/m/n on input line 23.
LaTeX Font Info:    ... okay on input line 23.
LaTeX Font Info:    Checking defaults for PD1/pdf/m/n on input line 23.
LaTeX Font Info:    ... okay on input line 23.
LaTeX Font Info:    Checking defaults for PU/pdf/m/n on input line 23.
LaTeX Font Info:    ... okay on input line 23.

(/home/user/Can-Optimizer-State-Repair-Recover-Plasticity-Without-Relearning-Fe
atures/paper/.texlocal/root/usr/share/texlive/texmf-dist/tex/context/base/mkii/
supp-pdf.mkii
[Loading MPS to PDF converter (version 2006.09.02).]
\scratchcounter=\count324
\scratchdimen=\dimen294
\scratchbox=\box68
\nofMPsegments=\count325
\nofMParguments=\count326
\everyMPshowfont=\toks42
\MPscratchCnt=\count327
\MPscratchDim=\dimen295
\MPnumerator=\count328
\makeMPintoPDFobject=\count329
\everyMPtoPDFconversion=\toks43
)
(/home/user/Can-Optimizer-State-Repair-Recover-Plasticity-Without-Relearning-Fe
atures/paper/.texlocal/root/usr/share/texlive/texmf-dist/tex/latex/epstopdf-pkg
/epstopdf-base.sty
Package: epstopdf-base 2020-01-24 v2.11 Base part for package epstopdf
Package epstopdf-base Info: Redefining graphics rule for `.eps' on input line 4
85.

(/home/user/Can-Optimizer-State-Repair-Recover-Plasticity-Without-Relearning-Fe
atures/paper/.texlocal/root/usr/share/texlive/texmf-dist/tex/latex/latexconfig/
epstopdf-sys.cfg
File: epstopdf-sys.cfg 2010/07/13 v1.3 Configuration of (r)epstopdf for TeX Liv
e
))
Package hyperref Info: Link coloring OFF on input line 23.
 (./main.out) (./main.out)
\@outlinefile=\write4
\openout4 = `main.out'.


Package pgfplots notification 'compat/show suggested version=true': you might b
enefit from \pgfplotsset{compat=1.18} (current compat level: 1.17).


Underfull \hbox (badness 10000) in paragraph at lines 26--26
\OT1/ptm/m/sc/17.28 from Update-Scale Ef-fect-s in Con-tin-u-al
 []

LaTeX Font Info:    Trying to load font information for U+msa on input line 26.


(/home/user/Can-Optimizer-State-Repair-Recover-Plasticity-Without-Relearning-Fe
atures/paper/.texlocal/root/usr/share/texlive/texmf-dist/tex/latex/amsfonts/ums
a.fd
File: umsa.fd 2013/01/14 v3.01 AMS symbols A
)
LaTeX Font Info:    Trying to load font information for U+msb on input line 26.


(/home/user/Can-Optimizer-State-Repair-Recover-Plasticity-Without-Relearning-Fe
atures/paper/.texlocal/root/usr/share/texlive/texmf-dist/tex/latex/amsfonts/ums
b.fd
File: umsb.fd 2013/01/14 v3.01 AMS symbols B
)
LaTeX Font Info:    Trying to load font information for OT1+pcr on input line 3
1.

(/home/user/Can-Optimizer-State-Repair-Recover-Plasticity-Without-Relearning-Fe
atures/paper/.texlocal/root/usr/share/texlive/texmf-dist/tex/latex/psnfss/ot1pc
r.fd
File: ot1pcr.fd 2001/06/04 font definitions for OT1/pcr.
) (./sections/abstract.tex) (./sections/introduction.tex [1{/home/user/Can-Opti
mizer-State-Repair-Recover-Plasticity-Without-Relearning-Features/paper/.texloc
al/var/fonts/map/pdftex/updmap/pdftex.map

pdfTeX warning: /home/user/Can-Optimizer-State-Repair-Recover-Plasticity-Withou
t-Relearning-Features/paper/.texlocal/root/usr/bin/pdflatex (file /home/user/Ca
n-Optimizer-State-Repair-Recover-Plasticity-Without-Relearning-Features/paper/.
texlocal/var/fonts/map/pdftex/updmap/pdftex.map): fontmap entry for `pagd8r' al
ready exists, duplicates ignored


pdfTeX warning: /home/user/Can-Optimizer-State-Repair-Recover-Plasticity-Withou
t-Relearning-Features/paper/.texlocal/root/usr/bin/pdflatex (file /home/user/Ca
n-Optimizer-State-Repair-Recover-Plasticity-Without-Relearning-Features/paper/.
texlocal/var/fonts/map/pdftex/updmap/pdftex.map): fontmap entry for `pagdo8r' a
lready exists, duplicates ignored


pdfTeX warning: /home/user/Can-Optimizer-State-Repair-Recover-Plasticity-Withou
t-Relearning-Features/paper/.texlocal/root/usr/bin/pdflatex (file /home/user/Ca
n-Optimizer-State-Repair-Recover-Plasticity-Without-Relearning-Features/paper/.
texlocal/var/fonts/map/pdftex/updmap/pdftex.map): fontmap entry for `pagk8r' al
ready exists, duplicates ignored


pdfTeX warning: /home/user/Can-Optimizer-State-Repair-Recover-Plasticity-Withou
t-Relearning-Features/paper/.texlocal/root/usr/bin/pdflatex (file /home/user/Ca
n-Optimizer-State-Repair-Recover-Plasticity-Without-Relearning-Features/paper/.
texlocal/var/fonts/map/pdftex/updmap/pdftex.map): fontmap entry for `pagko8r' a
lready exists, duplicates ignored


pdfTeX warning: /home/user/Can-Optimizer-State-Repair-Recover-Plasticity-Withou
t-Relearning-Features/paper/.texlocal/root/usr/bin/pdflatex (file /home/user/Ca
n-Optimizer-State-Repair-Recover-Plasticity-Without-Relearning-Features/paper/.
texlocal/var/fonts/map/pdftex/updmap/pdftex.map): fontmap entry for `pbkd8r' al
ready exists, duplicates ignored


pdfTeX warning: /home/user/Can-Optimizer-State-Repair-Recover-Plasticity-Withou
t-Relearning-Features/paper/.texlocal/root/usr/bin/pdflatex (file /home/user/Ca
n-Optimizer-State-Repair-Recover-Plasticity-Without-Relearning-Features/paper/.
texlocal/var/fonts/map/pdftex/updmap/pdftex.map): fontmap entry for `pbkdi8r' a
lready exists, duplicates ignored


pdfTeX warning: /home/user/Can-Optimizer-State-Repair-Recover-Plasticity-Withou
t-Relearning-Features/paper/.texlocal/root/usr/bin/pdflatex (file /home/user/Ca
n-Optimizer-State-Repair-Recover-Plasticity-Without-Relearning-Features/paper/.
texlocal/var/fonts/map/pdftex/updmap/pdftex.map): invalid entry for `pbkdo8r': 
SlantFont/ExtendFont can be used only with embedded Type1 fonts


pdfTeX warning: /home/user/Can-Optimizer-State-Repair-Recover-Plasticity-Withou
t-Relearning-Features/paper/.texlocal/root/usr/bin/pdflatex (file /home/user/Ca
n-Optimizer-State-Repair-Recover-Plasticity-Without-Relearning-Features/paper/.
texlocal/var/fonts/map/pdftex/updmap/pdftex.map): fontmap entry for `pbkl8r' al
ready exists, duplicates ignored


pdfTeX warning: /home/user/Can-Optimizer-State-Repair-Recover-Plasticity-Withou
t-Relearning-Features/paper/.texlocal/root/usr/bin/pdflatex (file /home/user/Ca
n-Optimizer-State-Repair-Recover-Plasticity-Without-Relearning-Features/paper/.
texlocal/var/fonts/map/pdftex/updmap/pdftex.map): fontmap entry for `pbkli8r' a
lready exists, duplicates ignored


pdfTeX warning: /home/user/Can-Optimizer-State-Repair-Recover-Plasticity-Withou
t-Relearning-Features/paper/.texlocal/root/usr/bin/pdflatex (file /home/user/Ca
n-Optimizer-State-Repair-Recover-Plasticity-Without-Relearning-Features/paper/.
texlocal/var/fonts/map/pdftex/updmap/pdftex.map): invalid entry for `pbklo8r': 
SlantFont/ExtendFont can be used only with embedded Type1 fonts


pdfTeX warning: /home/user/Can-Optimizer-State-Repair-Recover-Plasticity-Withou
t-Relearning-Features/paper/.texlocal/root/usr/bin/pdflatex (file /home/user/Ca
n-Optimizer-State-Repair-Recover-Plasticity-Without-Relearning-Features/paper/.
texlocal/var/fonts/map/pdftex/updmap/pdftex.map): fontmap entry for `pcrb8r' al
ready exists, duplicates ignored


pdfTeX warning: /home/user/Can-Optimizer-State-Repair-Recover-Plasticity-Withou
t-Relearning-Features/paper/.texlocal/root/usr/bin/pdflatex (file /home/user/Ca
n-Optimizer-State-Repair-Recover-Plasticity-Without-Relearning-Features/paper/.
texlocal/var/fonts/map/pdftex/updmap/pdftex.map): fontmap entry for `pcrbo8r' a
lready exists, duplicates ignored


pdfTeX warning: /home/user/Can-Optimizer-State-Repair-Recover-Plasticity-Withou
t-Relearning-Features/paper/.texlocal/root/usr/bin/pdflatex (file /home/user/Ca
n-Optimizer-State-Repair-Recover-Plasticity-Without-Relearning-Features/paper/.
texlocal/var/fonts/map/pdftex/updmap/pdftex.map): fontmap entry for `pcrr8r' al
ready exists, duplicates ignored


pdfTeX warning: /home/user/Can-Optimizer-State-Repair-Recover-Plasticity-Withou
t-Relearning-Features/paper/.texlocal/root/usr/bin/pdflatex (file /home/user/Ca
n-Optimizer-State-Repair-Recover-Plasticity-Without-Relearning-Features/paper/.
texlocal/var/fonts/map/pdftex/updmap/pdftex.map): fontmap entry for `pcrro8r' a
lready exists, duplicates ignored


pdfTeX warning: /home/user/Can-Optimizer-State-Repair-Recover-Plasticity-Withou
t-Relearning-Features/paper/.texlocal/root/usr/bin/pdflatex (file /home/user/Ca
n-Optimizer-State-Repair-Recover-Plasticity-Without-Relearning-Features/paper/.
texlocal/var/fonts/map/pdftex/updmap/pdftex.map): fontmap entry for `phvb8r' al
ready exists, duplicates ignored


pdfTeX warning: /home/user/Can-Optimizer-State-Repair-Recover-Plasticity-Withou
t-Relearning-Features/paper/.texlocal/root/usr/bin/pdflatex (file /home/user/Ca
n-Optimizer-State-Repair-Recover-Plasticity-Without-Relearning-Features/paper/.
texlocal/var/fonts/map/pdftex/updmap/pdftex.map): fontmap entry for `phvb8rn' a
lready exists, duplicates ignored


pdfTeX warning: /home/user/Can-Optimizer-State-Repair-Recover-Plasticity-Withou
t-Relearning-Features/paper/.texlocal/root/usr/bin/pdflatex (file /home/user/Ca
n-Optimizer-State-Repair-Recover-Plasticity-Without-Relearning-Features/paper/.
texlocal/var/fonts/map/pdftex/updmap/pdftex.map): fontmap entry for `phvbo8r' a
lready exists, duplicates ignored


pdfTeX warning: /home/user/Can-Optimizer-State-Repair-Recover-Plasticity-Withou
t-Relearning-Features/paper/.texlocal/root/usr/bin/pdflatex (file /home/user/Ca
n-Optimizer-State-Repair-Recover-Plasticity-Without-Relearning-Features/paper/.
texlocal/var/fonts/map/pdftex/updmap/pdftex.map): fontmap entry for `phvbo8rn' 
already exists, duplicates ignored


pdfTeX warning: /home/user/Can-Optimizer-State-Repair-Recover-Plasticity-Withou
t-Relearning-Features/paper/.texlocal/root/usr/bin/pdflatex (file /home/user/Ca
n-Optimizer-State-Repair-Recover-Plasticity-Without-Relearning-Features/paper/.
texlocal/var/fonts/map/pdftex/updmap/pdftex.map): fontmap entry for `phvr8r' al
ready exists, duplicates ignored


pdfTeX warning: /home/user/Can-Optimizer-State-Repair-Recover-Plasticity-Withou
t-Relearning-Features/paper/.texlocal/root/usr/bin/pdflatex (file /home/user/Ca
n-Optimizer-State-Repair-Recover-Plasticity-Without-Relearning-Features/paper/.
texlocal/var/fonts/map/pdftex/updmap/pdftex.map): fontmap entry for `phvr8rn' a
lready exists, duplicates ignored


pdfTeX warning: /home/user/Can-Optimizer-State-Repair-Recover-Plasticity-Withou
t-Relearning-Features/paper/.texlocal/root/usr/bin/pdflatex (file /home/user/Ca
n-Optimizer-State-Repair-Recover-Plasticity-Without-Relearning-Features/paper/.
texlocal/var/fonts/map/pdftex/updmap/pdftex.map): fontmap entry for `phvro8r' a
lready exists, duplicates ignored


pdfTeX warning: /home/user/Can-Optimizer-State-Repair-Recover-Plasticity-Withou
t-Relearning-Features/paper/.texlocal/root/usr/bin/pdflatex (file /home/user/Ca
n-Optimizer-State-Repair-Recover-Plasticity-Without-Relearning-Features/paper/.
texlocal/var/fonts/map/pdftex/updmap/pdftex.map): fontmap entry for `phvro8rn' 
already exists, duplicates ignored


pdfTeX warning: /home/user/Can-Optimizer-State-Repair-Recover-Plasticity-Withou
t-Relearning-Features/paper/.texlocal/root/usr/bin/pdflatex (file /home/user/Ca
n-Optimizer-State-Repair-Recover-Plasticity-Without-Relearning-Features/paper/.
texlocal/var/fonts/map/pdftex/updmap/pdftex.map): fontmap entry for `pncb8r' al
ready exists, duplicates ignored


pdfTeX warning: /home/user/Can-Optimizer-State-Repair-Recover-Plasticity-Withou
t-Relearning-Features/paper/.texlocal/root/usr/bin/pdflatex (file /home/user/Ca
n-Optimizer-State-Repair-Recover-Plasticity-Without-Relearning-Features/paper/.
texlocal/var/fonts/map/pdftex/updmap/pdftex.map): fontmap entry for `pncbi8r' a
lready exists, duplicates ignored


pdfTeX warning: /home/user/Can-Optimizer-State-Repair-Recover-Plasticity-Withou
t-Relearning-Features/paper/.texlocal/root/usr/bin/pdflatex (file /home/user/Ca
n-Optimizer-State-Repair-Recover-Plasticity-Without-Relearning-Features/paper/.
texlocal/var/fonts/map/pdftex/updmap/pdftex.map): invalid entry for `pncbo8r': 
SlantFont/ExtendFont can be used only with embedded Type1 fonts


pdfTeX warning: /home/user/Can-Optimizer-State-Repair-Recover-Plasticity-Withou
t-Relearning-Features/paper/.texlocal/root/usr/bin/pdflatex (file /home/user/Ca
n-Optimizer-State-Repair-Recover-Plasticity-Without-Relearning-Features/paper/.
texlocal/var/fonts/map/pdftex/updmap/pdftex.map): fontmap entry for `pncr8r' al
ready exists, duplicates ignored


pdfTeX warning: /home/user/Can-Optimizer-State-Repair-Recover-Plasticity-Withou
t-Relearning-Features/paper/.texlocal/root/usr/bin/pdflatex (file /home/user/Ca
n-Optimizer-State-Repair-Recover-Plasticity-Without-Relearning-Features/paper/.
texlocal/var/fonts/map/pdftex/updmap/pdftex.map): fontmap entry for `pncri8r' a
lready exists, duplicates ignored


pdfTeX warning: /home/user/Can-Optimizer-State-Repair-Recover-Plasticity-Withou
t-Relearning-Features/paper/.texlocal/root/usr/bin/pdflatex (file /home/user/Ca
n-Optimizer-State-Repair-Recover-Plasticity-Without-Relearning-Features/paper/.
texlocal/var/fonts/map/pdftex/updmap/pdftex.map): invalid entry for `pncro8r': 
SlantFont/ExtendFont can be used only with embedded Type1 fonts


pdfTeX warning: /home/user/Can-Optimizer-State-Repair-Recover-Plasticity-Withou
t-Relearning-Features/paper/.texlocal/root/usr/bin/pdflatex (file /home/user/Ca
n-Optimizer-State-Repair-Recover-Plasticity-Without-Relearning-Features/paper/.
texlocal/var/fonts/map/pdftex/updmap/pdftex.map): fontmap entry for `pplb8r' al
ready exists, duplicates ignored


pdfTeX warning: /home/user/Can-Optimizer-State-Repair-Recover-Plasticity-Withou
t-Relearning-Features/paper/.texlocal/root/usr/bin/pdflatex (file /home/user/Ca
n-Optimizer-State-Repair-Recover-Plasticity-Without-Relearning-Features/paper/.
texlocal/var/fonts/map/pdftex/updmap/pdftex.map): fontmap entry for `pplbi8r' a
lready exists, duplicates ignored


pdfTeX warning: /home/user/Can-Optimizer-State-Repair-Recover-Plasticity-Withou
t-Relearning-Features/paper/.texlocal/root/usr/bin/pdflatex (file /home/user/Ca
n-Optimizer-State-Repair-Recover-Plasticity-Without-Relearning-Features/paper/.
texlocal/var/fonts/map/pdftex/updmap/pdftex.map): invalid entry for `pplbo8r': 
SlantFont/ExtendFont can be used only with embedded Type1 fonts


pdfTeX warning: /home/user/Can-Optimizer-State-Repair-Recover-Plasticity-Withou
t-Relearning-Features/paper/.texlocal/root/usr/bin/pdflatex (file /home/user/Ca
n-Optimizer-State-Repair-Recover-Plasticity-Without-Relearning-Features/paper/.
texlocal/var/fonts/map/pdftex/updmap/pdftex.map): fontmap entry for `pplr8r' al
ready exists, duplicates ignored


pdfTeX warning: /home/user/Can-Optimizer-State-Repair-Recover-Plasticity-Withou
t-Relearning-Features/paper/.texlocal/root/usr/bin/pdflatex (file /home/user/Ca
n-Optimizer-State-Repair-Recover-Plasticity-Without-Relearning-Features/paper/.
texlocal/var/fonts/map/pdftex/updmap/pdftex.map): fontmap entry for `pplri8r' a
lready exists, duplicates ignored


pdfTeX warning: /home/user/Can-Optimizer-State-Repair-Recover-Plasticity-Withou
t-Relearning-Features/paper/.texlocal/root/usr/bin/pdflatex (file /home/user/Ca
n-Optimizer-State-Repair-Recover-Plasticity-Without-Relearning-Features/paper/.
texlocal/var/fonts/map/pdftex/updmap/pdftex.map): invalid entry for `pplro8r': 
SlantFont/ExtendFont can be used only with embedded Type1 fonts


pdfTeX warning: /home/user/Can-Optimizer-State-Repair-Recover-Plasticity-Withou
t-Relearning-Features/paper/.texlocal/root/usr/bin/pdflatex (file /home/user/Ca
n-Optimizer-State-Repair-Recover-Plasticity-Without-Relearning-Features/paper/.
texlocal/var/fonts/map/pdftex/updmap/pdftex.map): fontmap entry for `psyr' alre
ady exists, duplicates ignored


pdfTeX warning: /home/user/Can-Optimizer-State-Repair-Recover-Plasticity-Withou
t-Relearning-Features/paper/.texlocal/root/usr/bin/pdflatex (file /home/user/Ca
n-Optimizer-State-Repair-Recover-Plasticity-Without-Relearning-Features/paper/.
texlocal/var/fonts/map/pdftex/updmap/pdftex.map): invalid entry for `psyro': Sl
antFont/ExtendFont can be used only with embedded Type1 fonts


pdfTeX warning: /home/user/Can-Optimizer-State-Repair-Recover-Plasticity-Withou
t-Relearning-Features/paper/.texlocal/root/usr/bin/pdflatex (file /home/user/Ca
n-Optimizer-State-Repair-Recover-Plasticity-Without-Relearning-Features/paper/.
texlocal/var/fonts/map/pdftex/updmap/pdftex.map): fontmap entry for `ptmb8r' al
ready exists, duplicates ignored


pdfTeX warning: /home/user/Can-Optimizer-State-Repair-Recover-Plasticity-Withou
t-Relearning-Features/paper/.texlocal/root/usr/bin/pdflatex (file /home/user/Ca
n-Optimizer-State-Repair-Recover-Plasticity-Without-Relearning-Features/paper/.
texlocal/var/fonts/map/pdftex/updmap/pdftex.map): fontmap entry for `ptmbi8r' a
lready exists, duplicates ignored


pdfTeX warning: /home/user/Can-Optimizer-State-Repair-Recover-Plasticity-Withou
t-Relearning-Features/paper/.texlocal/root/usr/bin/pdflatex (file /home/user/Ca
n-Optimizer-State-Repair-Recover-Plasticity-Without-Relearning-Features/paper/.
texlocal/var/fonts/map/pdftex/updmap/pdftex.map): invalid entry for `ptmbo8r': 
SlantFont/ExtendFont can be used only with embedded Type1 fonts


pdfTeX warning: /home/user/Can-Optimizer-State-Repair-Recover-Plasticity-Withou
t-Relearning-Features/paper/.texlocal/root/usr/bin/pdflatex (file /home/user/Ca
n-Optimizer-State-Repair-Recover-Plasticity-Without-Relearning-Features/paper/.
texlocal/var/fonts/map/pdftex/updmap/pdftex.map): fontmap entry for `ptmr8r' al
ready exists, duplicates ignored


pdfTeX warning: /home/user/Can-Optimizer-State-Repair-Recover-Plasticity-Withou
t-Relearning-Features/paper/.texlocal/root/usr/bin/pdflatex (file /home/user/Ca
n-Optimizer-State-Repair-Recover-Plasticity-Without-Relearning-Features/paper/.
texlocal/var/fonts/map/pdftex/updmap/pdftex.map): fontmap entry for `ptmri8r' a
lready exists, duplicates ignored


pdfTeX warning: /home/user/Can-Optimizer-State-Repair-Recover-Plasticity-Withou
t-Relearning-Features/paper/.texlocal/root/usr/bin/pdflatex (file /home/user/Ca
n-Optimizer-State-Repair-Recover-Plasticity-Without-Relearning-Features/paper/.
texlocal/var/fonts/map/pdftex/updmap/pdftex.map): invalid entry for `ptmro8r': 
SlantFont/ExtendFont can be used only with embedded Type1 fonts


pdfTeX warning: /home/user/Can-Optimizer-State-Repair-Recover-Plasticity-Withou
t-Relearning-Features/paper/.texlocal/root/usr/bin/pdflatex (file /home/user/Ca
n-Optimizer-State-Repair-Recover-Plasticity-Without-Relearning-Features/paper/.
texlocal/var/fonts/map/pdftex/updmap/pdftex.map): fontmap entry for `pzcmi8r' a
lready exists, duplicates ignored


pdfTeX warning: /home/user/Can-Optimizer-State-Repair-Recover-Plasticity-Withou
t-Relearning-Features/paper/.texlocal/root/usr/bin/pdflatex (file /home/user/Ca
n-Optimizer-State-Repair-Recover-Plasticity-Without-Relearning-Features/paper/.
texlocal/var/fonts/map/pdftex/updmap/pdftex.map): fontmap entry for `pzdr' alre
ady exists, duplicates ignored
}{/home/user/Can-Optimizer-State-Repair-Recover-Plasticity-Without-Relearning-F
eatures/paper/.texlocal/root/usr/share/texlive/texmf-dist/fonts/enc/dvips/base/
8r.enc}

]
LaTeX Font Info:    Trying to load font information for TS1+ptm on input line 2
6.

(/home/user/Can-Optimizer-State-Repair-Recover-Plasticity-Without-Relearning-Fe
atures/paper/.texlocal/root/usr/share/texlive/texmf-dist/tex/latex/psnfss/ts1pt
m.fd
File: ts1ptm.fd 2001/06/04 font definitions for TS1/ptm.
)) (./sections/related.tex) (./sections/setting.tex [2])
(./sections/analysis.tex [3]
Underfull \hbox (badness 2368) in paragraph at lines 16--24
\OT1/ptm/m/n/10 This as-sumes $\OML/cmm/m/it/10 ^^O$ \OT1/ptm/m/n/10 is added t
o $[]$, as in Al-go-rith-m 1 of []K-ing-ma & Ba[] ([]2015[]) and in
 []

LaTeX Font Info:    Font shape `OT1/pcr/m/it' in size <10> not available
(Font)              Font shape `OT1/pcr/m/sl' tried instead on input line 48.
) (./sections/results.tex [4] (./tables/tab_phenomenon.tex)
PGFPlots: reading {figures/curve_RT_fresh.dat}
PGFPlots: reading {figures/curve_RT_early.dat}
PGFPlots: reading {figures/curve_RT_late.dat}
PGFPlots: reading {figures/curve_LP_fresh.dat}
PGFPlots: reading {figures/curve_LP_early.dat}
PGFPlots: reading {figures/curve_LP_late.dat}

(./tables/tab_interventions.tex) [5]) (./sections/discussion.tex [6])
(./sections/conclusion.tex) (./sections/statements.tex) (./main.bbl [7])
(./appendix.tex [8] (./tables/tab_tuning.tex) [9] (./tables/tab_descriptive.tex
)) [10] (./main.aux)
 ***********
LaTeX2e <2023-11-01> patch level 1
L3 programming layer <2024-01-22>
 ***********
Package rerunfilecheck Info: File `main.out' has not changed.
(rerunfilecheck)             Checksum: 37F732F26EF95BEC4B9FDC64EB0F28E9;3275.
 ) 
Here is how much of TeX's memory you used:
 32396 strings out of 476202
 787692 string characters out of 5788000
 1956975 words of memory out of 5000000
 53719 multiletter control sequences out of 15000+600000
 596100 words of font info for 127 fonts, out of 8000000 for 9000
 14 hyphenation exceptions out of 8191
 99i,19n,101p,725b,2179s stack positions out of 10000i,1000n,20000p,200000b,200000s
</home/user/Can-Optimizer-State-Repair-Recover-Plasticity-Without-Relearning-
Features/paper/.texlocal/root/usr/share/texlive/texmf-dist/fonts/type1/public/a
msfonts/cm/cmex10.pfb></home/user/Can-Optimizer-State-Repair-Recover-Plasticity
-Without-Relearning-Features/paper/.texlocal/root/usr/share/texlive/texmf-dist/
fonts/type1/public/amsfonts/cm/cmmi10.pfb></home/user/Can-Optimizer-State-Repai
r-Recover-Plasticity-Without-Relearning-Features/paper/.texlocal/root/usr/share
/texlive/texmf-dist/fonts/type1/public/amsfonts/cm/cmmi12.pfb></home/user/Can-O
ptimizer-State-Repair-Recover-Plasticity-Without-Relearning-Features/paper/.tex
local/root/usr/share/texlive/texmf-dist/fonts/type1/public/amsfonts/cm/cmmi5.pf
b></home/user/Can-Optimizer-State-Repair-Recover-Plasticity-Without-Relearning-
Features/paper/.texlocal/root/usr/share/texlive/texmf-dist/fonts/type1/public/a
msfonts/cm/cmmi7.pfb></home/user/Can-Optimizer-State-Repair-Recover-Plasticity-
Without-Relearning-Features/paper/.texlocal/root/usr/share/texlive/texmf-dist/f
onts/type1/public/amsfonts/cm/cmmi9.pfb></home/user/Can-Optimizer-State-Repair-
Recover-Plasticity-Without-Relearning-Features/paper/.texlocal/root/usr/share/t
exlive/texmf-dist/fonts/type1/public/amsfonts/cm/cmr10.pfb></home/user/Can-Opti
mizer-State-Repair-Recover-Plasticity-Without-Relearning-Features/paper/.texloc
al/root/usr/share/texlive/texmf-dist/fonts/type1/public/amsfonts/cm/cmr12.pfb><
/home/user/Can-Optimizer-State-Repair-Recover-Plasticity-Without-Relearning-Fea
tures/paper/.texlocal/root/usr/share/texlive/texmf-dist/fonts/type1/public/amsf
onts/cm/cmr5.pfb></home/user/Can-Optimizer-State-Repair-Recover-Plasticity-With
out-Relearning-Features/paper/.texlocal/root/usr/share/texlive/texmf-dist/fonts
/type1/public/amsfonts/cm/cmr7.pfb></home/user/Can-Optimizer-State-Repair-Recov
er-Plasticity-Without-Relearning-Features/paper/.texlocal/root/usr/share/texliv
e/texmf-dist/fonts/type1/public/amsfonts/cm/cmr9.pfb></home/user/Can-Optimizer-
State-Repair-Recover-Plasticity-Without-Relearning-Features/paper/.texlocal/roo
t/usr/share/texlive/texmf-dist/fonts/type1/public/amsfonts/cm/cmsy10.pfb></home
/user/Can-Optimizer-State-Repair-Recover-Plasticity-Without-Relearning-Features
/paper/.texlocal/root/usr/share/texlive/texmf-dist/fonts/type1/public/amsfonts/
cm/cmsy5.pfb></home/user/Can-Optimizer-State-Repair-Recover-Plasticity-Without-
Relearning-Features/paper/.texlocal/root/usr/share/texlive/texmf-dist/fonts/typ
e1/public/amsfonts/cm/cmsy7.pfb></home/user/Can-Optimizer-State-Repair-Recover-
Plasticity-Without-Relearning-Features/paper/.texlocal/root/usr/share/texlive/t
exmf-dist/fonts/type1/public/amsfonts/cm/cmsy9.pfb></home/user/Can-Optimizer-St
ate-Repair-Recover-Plasticity-Without-Relearning-Features/paper/.texlocal/root/
usr/share/texlive/texmf-dist/fonts/type1/public/amsfonts/symbols/msam10.pfb></h
ome/user/Can-Optimizer-State-Repair-Recover-Plasticity-Without-Relearning-Featu
res/paper/.texlocal/root/usr/share/texlive/texmf-dist/fonts/type1/urw/courier/u
crr8a.pfb></home/user/Can-Optimizer-State-Repair-Recover-Plasticity-Without-Rel
earning-Features/paper/.texlocal/root/usr/share/texlive/texmf-dist/fonts/type1/
urw/courier/ucrro8a.pfb></home/user/Can-Optimizer-State-Repair-Recover-Plastici
ty-Without-Relearning-Features/paper/.texlocal/root/usr/share/texlive/texmf-dis
t/fonts/type1/urw/helvetic/uhvb8a.pfb></home/user/Can-Optimizer-State-Repair-Re
cover-Plasticity-Without-Relearning-Features/paper/.texlocal/root/usr/share/tex
live/texmf-dist/fonts/type1/urw/times/utmb8a.pfb></home/user/Can-Optimizer-Stat
e-Repair-Recover-Plasticity-Without-Relearning-Features/paper/.texlocal/root/us
r/share/texlive/texmf-dist/fonts/type1/urw/times/utmr8a.pfb></home/user/Can-Opt
imizer-State-Repair-Recover-Plasticity-Without-Relearning-Features/paper/.texlo
cal/root/usr/share/texlive/texmf-dist/fonts/type1/urw/times/utmri8a.pfb>
Output written on main.pdf (10 pages, 284709 bytes).
PDF statistics:
 385 PDF objects out of 1000 (max. 8388607)
 324 compressed objects within 4 object streams
 70 named destinations out of 1000 (max. 500000)
 141 words of extra memory for PDF output out of 10000 (max. 10000000)

